Archive member included to satisfy reference by file (symbol)

/home/victor/Desktop/CC/CesarSchool/6_período/Embarcados/en.st-stm32cubeide_1.16.0_21983_20240628_1741_amd64.sh/makeself_dir_AxQjcc/y/plugins/com.st.stm32cube.ide.mcu.externaltools.gnu-tools-for-stm32.12.3.rel1.linux64_1.0.200.202406132123/tools/bin/../lib/gcc/arm-none-eabi/12.3.1/../../../../arm-none-eabi/lib/thumb/v7e-m+fp/hard/libc_nano.a(libc_a-exit.o)
                              /home/victor/Desktop/CC/CesarSchool/6_período/Embarcados/en.st-stm32cubeide_1.16.0_21983_20240628_1741_amd64.sh/makeself_dir_AxQjcc/y/plugins/com.st.stm32cube.ide.mcu.externaltools.gnu-tools-for-stm32.12.3.rel1.linux64_1.0.200.202406132123/tools/bin/../lib/gcc/arm-none-eabi/12.3.1/../../../../arm-none-eabi/lib/thumb/v7e-m+fp/hard/crt0.o (exit)
/home/victor/Desktop/CC/CesarSchool/6_período/Embarcados/en.st-stm32cubeide_1.16.0_21983_20240628_1741_amd64.sh/makeself_dir_AxQjcc/y/plugins/com.st.stm32cube.ide.mcu.externaltools.gnu-tools-for-stm32.12.3.rel1.linux64_1.0.200.202406132123/tools/bin/../lib/gcc/arm-none-eabi/12.3.1/../../../../arm-none-eabi/lib/thumb/v7e-m+fp/hard/libc_nano.a(libc_a-findfp.o)
                              /home/victor/Desktop/CC/CesarSchool/6_período/Embarcados/en.st-stm32cubeide_1.16.0_21983_20240628_1741_amd64.sh/makeself_dir_AxQjcc/y/plugins/com.st.stm32cube.ide.mcu.externaltools.gnu-tools-for-stm32.12.3.rel1.linux64_1.0.200.202406132123/tools/bin/../lib/gcc/arm-none-eabi/12.3.1/../../../../arm-none-eabi/lib/thumb/v7e-m+fp/hard/libc_nano.a(libc_a-exit.o) (__stdio_exit_handler)
/home/victor/Desktop/CC/CesarSchool/6_período/Embarcados/en.st-stm32cubeide_1.16.0_21983_20240628_1741_amd64.sh/makeself_dir_AxQjcc/y/plugins/com.st.stm32cube.ide.mcu.externaltools.gnu-tools-for-stm32.12.3.rel1.linux64_1.0.200.202406132123/tools/bin/../lib/gcc/arm-none-eabi/12.3.1/../../../../arm-none-eabi/lib/thumb/v7e-m+fp/hard/libc_nano.a(libc_a-fwalk.o)
                              /home/victor/Desktop/CC/CesarSchool/6_período/Embarcados/en.st-stm32cubeide_1.16.0_21983_20240628_1741_amd64.sh/makeself_dir_AxQjcc/y/plugins/com.st.stm32cube.ide.mcu.externaltools.gnu-tools-for-stm32.12.3.rel1.linux64_1.0.200.202406132123/tools/bin/../lib/gcc/arm-none-eabi/12.3.1/../../../../arm-none-eabi/lib/thumb/v7e-m+fp/hard/libc_nano.a(libc_a-findfp.o) (_fwalk_sglue)
/home/victor/Desktop/CC/CesarSchool/6_período/Embarcados/en.st-stm32cubeide_1.16.0_21983_20240628_1741_amd64.sh/makeself_dir_AxQjcc/y/plugins/com.st.stm32cube.ide.mcu.externaltools.gnu-tools-for-stm32.12.3.rel1.linux64_1.0.200.202406132123/tools/bin/../lib/gcc/arm-none-eabi/12.3.1/../../../../arm-none-eabi/lib/thumb/v7e-m+fp/hard/libc_nano.a(libc_a-stdio.o)
                              /home/victor/Desktop/CC/CesarSchool/6_período/Embarcados/en.st-stm32cubeide_1.16.0_21983_20240628_1741_amd64.sh/makeself_dir_AxQjcc/y/plugins/com.st.stm32cube.ide.mcu.externaltools.gnu-tools-for-stm32.12.3.rel1.linux64_1.0.200.202406132123/tools/bin/../lib/gcc/arm-none-eabi/12.3.1/../../../../arm-none-eabi/lib/thumb/v7e-m+fp/hard/libc_nano.a(libc_a-findfp.o) (__sread)
/home/victor/Desktop/CC/CesarSchool/6_período/Embarcados/en.st-stm32cubeide_1.16.0_21983_20240628_1741_amd64.sh/makeself_dir_AxQjcc/y/plugins/com.st.stm32cube.ide.mcu.externaltools.gnu-tools-for-stm32.12.3.rel1.linux64_1.0.200.202406132123/tools/bin/../lib/gcc/arm-none-eabi/12.3.1/../../../../arm-none-eabi/lib/thumb/v7e-m+fp/hard/libc_nano.a(libc_a-memset.o)
                              /home/victor/Desktop/CC/CesarSchool/6_período/Embarcados/en.st-stm32cubeide_1.16.0_21983_20240628_1741_amd64.sh/makeself_dir_AxQjcc/y/plugins/com.st.stm32cube.ide.mcu.externaltools.gnu-tools-for-stm32.12.3.rel1.linux64_1.0.200.202406132123/tools/bin/../lib/gcc/arm-none-eabi/12.3.1/../../../../arm-none-eabi/lib/thumb/v7e-m+fp/hard/crt0.o (memset)
/home/victor/Desktop/CC/CesarSchool/6_período/Embarcados/en.st-stm32cubeide_1.16.0_21983_20240628_1741_amd64.sh/makeself_dir_AxQjcc/y/plugins/com.st.stm32cube.ide.mcu.externaltools.gnu-tools-for-stm32.12.3.rel1.linux64_1.0.200.202406132123/tools/bin/../lib/gcc/arm-none-eabi/12.3.1/../../../../arm-none-eabi/lib/thumb/v7e-m+fp/hard/libc_nano.a(libc_a-closer.o)
                              /home/victor/Desktop/CC/CesarSchool/6_período/Embarcados/en.st-stm32cubeide_1.16.0_21983_20240628_1741_amd64.sh/makeself_dir_AxQjcc/y/plugins/com.st.stm32cube.ide.mcu.externaltools.gnu-tools-for-stm32.12.3.rel1.linux64_1.0.200.202406132123/tools/bin/../lib/gcc/arm-none-eabi/12.3.1/../../../../arm-none-eabi/lib/thumb/v7e-m+fp/hard/libc_nano.a(libc_a-stdio.o) (_close_r)
/home/victor/Desktop/CC/CesarSchool/6_período/Embarcados/en.st-stm32cubeide_1.16.0_21983_20240628_1741_amd64.sh/makeself_dir_AxQjcc/y/plugins/com.st.stm32cube.ide.mcu.externaltools.gnu-tools-for-stm32.12.3.rel1.linux64_1.0.200.202406132123/tools/bin/../lib/gcc/arm-none-eabi/12.3.1/../../../../arm-none-eabi/lib/thumb/v7e-m+fp/hard/libc_nano.a(libc_a-reent.o)
[...]
Memory Configuration

Name             Origin             Length             Attributes
RAM              0x20000000         0x00018000         xrw
RAM2             0x10000000         0x00008000         xrw
FLASH            0x08000000         0x00100000         xr
*default*        0x00000000         0xffffffff

Linker script and memory map

LOAD /home/victor/Desktop/CC/CesarSchool/6_período/Embarcados/en.st-stm32cubeide_1.16.0_21983_20240628_1741_amd64.sh/makeself_dir_AxQjcc/y/plugins/com.st.stm32cube.ide.mcu.externaltools.gnu-tools-for-stm32.12.3.rel1.linux64_1.0.200.202406132123/tools/bin/../lib/gcc/arm-none-eabi/12.3.1/thumb/v7e-m+fp/hard/crti.o
LOAD /home/victor/Desktop/CC/CesarSchool/6_período/Embarcados/en.st-stm32cubeide_1.16.0_21983_20240628_1741_amd64.sh/makeself_dir_AxQjcc/y/plugins/com.st.stm32cube.ide.mcu.externaltools.gnu-tools-for-stm32.12.3.rel1.linux64_1.0.200.202406132123/tools/bin/../lib/gcc/arm-none-eabi/12.3.1/thumb/v7e-m+fp/hard/crtbegin.o
LOAD /home/victor/Desktop/CC/CesarSchool/6_período/Embarcados/en.st-stm32cubeide_1.16.0_21983_20240628_1741_amd64.sh/makeself_dir_AxQjcc/y/plugins/com.st.stm32cube.ide.mcu.externaltools.gnu-tools-for-stm32.12.3.rel1.linux64_1.0.200.202406132123/tools/bin/../lib/gcc/arm-none-eabi/12.3.1/../../../../arm-none-eabi/lib/thumb/v7e-m+fp/hard/crt0.o
LOAD ./Core/Src/main.o
LOAD ./Core/Src/stm32l4xx_hal_msp.o
LOAD ./Core/Src/stm32l4xx_it.o
LOAD ./Core/Src/syscalls.o
LOAD ./Core/Src/sysmem.o
LOAD ./Core/Src/system_stm32l4xx.o
LOAD ./Core/Startup/startup_stm32l476rgtx.o
LOAD ./Drivers/STM32L4xx_HAL_Driver/Src/stm32l4xx_hal.o
LOAD ./Drivers/STM32L4xx_HAL_Driver/Src/stm32l4xx_hal_adc.o
LOAD ./Drivers/STM32L4xx_HAL_Driver/Src/stm32l4xx_hal_adc_ex.o
LOAD ./Drivers/STM32L4xx_HAL_Driver/Src/stm32l4xx_hal_cortex.o
LOAD ./Drivers/STM32L4xx_HAL_Driver/Src/stm32l4xx_hal_dma.o
LOAD ./Drivers/STM32L4xx_HAL_Driver/Src/stm32l4xx_hal_dma_ex.o
LOAD ./Drivers/STM32L4xx_HAL_Driver/Src/stm32l4xx_hal_exti.o
LOAD ./Drivers/STM32L4xx_HAL_Driver/Src/stm32l4xx_hal_flash.o
LOAD ./Drivers/STM32L4xx_HAL_Driver/Src/stm32l4xx_hal_flash_ex.o
LOAD ./Drivers/STM32L4xx_HAL_Driver/Src/stm32l4xx_hal_flash_ramfunc.o
LOAD ./Drivers/STM32L4xx_HAL_Driver/Src/stm32l4xx_hal_gpio.o
LOAD ./Drivers/STM32L4xx_HAL_Driver/Src/stm32l4xx_hal_i2c.o
LOAD ./Drivers/STM32L4xx_HAL_Driver/Src/stm32l4xx_hal_i2c_ex.o
LOAD ./Drivers/STM32L4xx_HAL_Driver/Src/stm32l4xx_hal_pwr.o
LOAD ./Drivers/STM32L4xx_HAL_Driver/Src/stm32l4xx_hal_pwr_ex.o
LOAD ./Drivers/STM32L4xx_HAL_Driver/Src/stm32l4xx_hal_rcc.o
LOAD ./Drivers/STM32L4xx_HAL_Driver/Src/stm32l4xx_hal_rcc_ex.o
LOAD ./Drivers/STM32L4xx_HAL_Driver/Src/stm32l4xx_hal_tim.o
LOAD ./Drivers/STM32L4xx_HAL_Driver/Src/stm32l4xx_hal_tim_ex.o
LOAD ./Drivers/STM32L4xx_HAL_Driver/Src/stm32l4xx_hal_uart.o
LOAD ./Drivers/STM32L4xx_HAL_Driver/Src/stm32l4xx_hal_uart_ex.o
START GROUP
LOAD /home/victor/Desktop/CC/CesarSchool/6_período/Embarcados/en.st-stm32cubeide_1.16.0_21983_20240628_1741_amd64.sh/makeself_dir_AxQjcc/y/plugins/com.st.stm32cube.ide.mcu.externaltools.gnu-tools-for-stm32.12.3.rel1.linux64_1.0.200.202406132123/tools/bin/../lib/gcc/arm-none-eabi/12.3.1/../../../../arm-none-eabi/lib/thumb/v7e-m+fp/hard/libc_nano.a
LOAD /home/victor/Desktop/CC/CesarSchool/6_período/Embarcados/en.st-stm32cubeide_1.16.0_21983_20240628_1741_amd64.sh/makeself_dir_AxQjcc/y/plugins/com.st.stm32cube.ide.mcu.externaltools.gnu-tools-for-stm32.12.3.rel1.linux64_1.0.200.202406132123/tools/bin/../lib/gcc/arm-none-eabi/12.3.1/../../../../arm-none-eabi/lib/thumb/v7e-m+fp/hard/libm.a
END GROUP
START GROUP
LOAD /home/victor/Desktop/CC/CesarSchool/6_período/Embarcados/en.st-stm32cubeide_1.16.0_21983_20240628_1741_amd64.sh/makeself_dir_AxQjcc/y/plugins/com.st.stm32cube.ide.mcu.externaltools.gnu-tools-for-stm32.12.3.rel1.linux64_1.0.200.202406132123/tools/bin/../lib/gcc/arm-none-eabi/12.3.1/thumb/v7e-m+fp/hard/libgcc.a
LOAD /home/victor/Desktop/CC/CesarSchool/6_período/Embarcados/en.st-stm32cubeide_1.16.0_21983_20240628_1741_amd64.sh/makeself_dir_AxQjcc/y/plugins/com.st.stm32cube.ide.mcu.externaltools.gnu-tools-for-stm32.12.3.rel1.linux64_1.0.200.202406132123/tools/bin/../lib/gcc/arm-none-eabi/12.3.1/../../../../arm-none-eabi/lib/thumb/v7e-m+fp/hard/libc_nano.a
END GROUP
START GROUP
LOAD /home/victor/Desktop/CC/CesarSchool/6_período/Embarcados/en.st-stm32cubeide_1.16.0_21983_20240628_1741_amd64.sh/makeself_dir_AxQjcc/y/plugins/com.st.stm32cube.ide.mcu.externaltools.gnu-tools-for-stm32.12.3.rel1.linux64_1.0.200.202406132123/tools/bin/../lib/gcc/arm-none-eabi/12.3.1/thumb/v7e-m+fp/hard/libgcc.a
LOAD /home/victor/Desktop/CC/CesarSchool/6_período/Embarcados/en.st-stm32cubeide_1.16.0_21983_20240628_1741_amd64.sh/makeself_dir_AxQjcc/y/plugins/com.st.stm32cube.ide.mcu.externaltools.gnu-tools-for-stm32.12.3.rel1.linux64_1.0.200.202406132123/tools/bin/../lib/gcc/arm-none-eabi/12.3.1/../../../../arm-none-eabi/lib/thumb/v7e-m+fp/hard/libc_nano.a
LOAD /home/victor/Desktop/CC/CesarSchool/6_período/Embarcados/en.st-stm32cubeide_1.16.0_21983_20240628_1741_amd64.sh/makeself_dir_AxQjcc/y/plugins/com.st.stm32cube.ide.mcu.externaltools.gnu-tools-for-stm32.12.3.rel1.linux64_1.0.200.202406132123/tools/bin/../lib/gcc/arm-none-eabi/12.3.1/../../../../arm-none-eabi/lib/thumb/v7e-m+fp/hard/libnosys.a
END GROUP
START GROUP
LOAD /home/victor/Desktop/CC/CesarSchool/6_período/Embarcados/en.st-stm32cubeide_1.16.0_21983_20240628_1741_amd64.sh/makeself_dir_AxQjcc/y/plugins/com.st.stm32cube.ide.mcu.externaltools.gnu-tools-for-stm32.12.3.rel1.linux64_1.0.200.202406132123/tools/bin/../lib/gcc/arm-none-eabi/12.3.1/thumb/v7e-m+fp/hard/libgcc.a
LOAD /home/victor/Desktop/CC/CesarSchool/6_período/Embarcados/en.st-stm32cubeide_1.16.0_21983_20240628_1741_amd64.sh/makeself_dir_AxQjcc/y/plugins/com.st.stm32cube.ide.mcu.externaltools.gnu-tools-for-stm32.12.3.rel1.linux64_1.0.200.202406132123/tools/bin/../lib/gcc/arm-none-eabi/12.3.1/../../../../arm-none-eabi/lib/thumb/v7e-m+fp/hard/libc_nano.a
LOAD /home/victor/Desktop/CC/CesarSchool/6_período/Embarcados/en.st-stm32cubeide_1.16.0_21983_20240628_1741_amd64.sh/makeself_dir_AxQjcc/y/plugins/com.st.stm32cube.ide.mcu.externaltools.gnu-tools-for-stm32.12.3.rel1.linux64_1.0.200.202406132123/tools/bin/../lib/gcc/arm-none-eabi/12.3.1/../../../../arm-none-eabi/lib/thumb/v7e-m+fp/hard/libnosys.a
END GROUP
LOAD /home/victor/Desktop/CC/CesarSchool/6_período/Embarcados/en.st-stm32cubeide_1.16.0_21983_20240628_1741_amd64.sh/makeself_dir_AxQjcc/y/plugins/com.st.stm32cube.ide.mcu.externaltools.gnu-tools-for-stm32.12.3.rel1.linux64_1.0.200.202406132123/tools/bin/../lib/gcc/arm-none-eabi/12.3.1/thumb/v7e-m+fp/hard/crtend.o
LOAD /home/victor/Desktop/CC/CesarSchool/6_período/Embarcados/en.st-stm32cubeide_1.16.0_21983_20240628_1741_amd64.sh/makeself_dir_AxQjcc/y/plugins/com.st.stm32cube.ide.mcu.externaltools.gnu-tools-for-stm32.12.3.rel1.linux64_1.0.200.202406132123/tools/bin/../lib/gcc/arm-none-eabi/12.3.1/thumb/v7e-m+fp/hard/crtn.o
                0x20018000                        _estack = (ORIGIN (RAM) + LENGTH (RAM))
                0x00000200                        _Min_Heap_Size = 0x200
                0x00000400                        _Min_Stack_Size = 0x400

.isr_vector     0x08000000      0x188
                0x08000000                        . = ALIGN (0x4)
 *(.isr_vector)
 .isr_vector    0x08000000      0x188 ./Core/Startup/startup_stm32l476rgtx.o
                0x08000000                g_pfnVectors
                0x08000188                        . = ALIGN (0x4)

.text           0x08000188     0x48d0
                0x08000188                        . = ALIGN (0x4)
 *(.text)
 .text          0x08000188       0x40 /home/victor/Desktop/CC/CesarSchool/6_período/Embarcados/en.st-stm32cubeide_1.16.0_21983_20240628_1741_amd64.sh/makeself_dir_AxQjcc/y/plugins/com.st.stm32cube.ide.mcu.externaltools.gnu-tools-for-stm32.12.3.rel1.linux64_1.0.200.202406132123/tools/bin/../lib/gcc/arm-none-eabi/12.3.1/thumb/v7e-m+fp/hard/crtbegin.o
 .text          0x080001c8       0x30 /home/victor/Desktop/CC/CesarSchool/6_período/Embarcados/en.st-stm32cubeide_1.16.0_21983_20240628_1741_amd64.sh/makeself_dir_AxQjcc/y/plugins/com.st.stm32cube.ide.mcu.externaltools.gnu-tools-for-stm32.12.3.rel1.linux64_1.0.200.202406132123/tools/bin/../lib/gcc/arm-none-eabi/12.3.1/thumb/v7e-m+fp/hard/libgcc.a(_aeabi_uldivmod.o)
                0x080001c8                __aeabi_uldivmod
 .text          0x080001f8      0x2bc /home/victor/Desktop/CC/CesarSchool/6_período/Embarcados/en.st-stm32cubeide_1.16.0_21983_20240628_1741_amd64.sh/makeself_dir_AxQjcc/y/plugins/com.st.stm32cube.ide.mcu.externaltools.gnu-tools-for-stm32.12.3.rel1.linux64_1.0.200.202406132123/tools/bin/../lib/gcc/arm-none-eabi/12.3.1/thumb/v7e-m+fp/hard/libgcc.a(_udivmoddi4.o)
                0x080001f8                __udivmoddi4
 .text          0x080004b4        0x4 /home/victor/Desktop/CC/CesarSchool/6_período/Embarcados/en.st-stm32cubeide_1.16.0_21983_20240628_1741_amd64.sh/makeself_dir_AxQjcc/y/plugins/com.st.stm32cube.ide.mcu.externaltools.gnu-tools-for-stm32.12.3.rel1.linux64_1.0.200.202406132123/tools/bin/../lib/gcc/arm-none-eabi/12.3.1/thumb/v7e-m+fp/hard/libgcc.a(_dvmd_tls.o)
                0x080004b4                __aeabi_ldiv0
                0x080004b4                __aeabi_idiv0
 *(.text*)
 .text.main     0x080004b8       0xa4 ./Core/Src/main.o
                0x080004b8                main
 .text.SystemClock_Config
                0x0800055c       0xa2 ./Core/Src/main.o
                0x0800055c                SystemClock_Config
 *fill*         0x080005fe        0x2 
 .text.MX_ADC1_Init
                0x08000600       0xec ./Core/Src/main.o
 .text.MX_USART2_UART_Init
                0x080006ec       0x60 ./Core/Src/main.o
 .text.MX_GPIO_Init
                0x0800074c       0xcc ./Core/Src/main.o
 .text.Error_Handler
                0x08000818        0xc ./Core/Src/main.o
                0x08000818                Error_Handler
 .text.HAL_MspInit
                0x08000824       0x48 ./Core/Src/stm32l4xx_hal_msp.o
                0x08000824                HAL_MspInit
 .text.HAL_ADC_MspInit
                0x0800086c       0xd4 ./Core/Src/stm32l4xx_hal_msp.o
                0x0800086c                HAL_ADC_MspInit
 .text.HAL_UART_MspInit
                0x08000940       0xc8 ./Core/Src/stm32l4xx_hal_msp.o
                0x08000940                HAL_UART_MspInit
 .text.NMI_Handler
                0x08000a08        0x8 ./Core/Src/stm32l4xx_it.o
                0x08000a08                NMI_Handler
 .text.HardFault_Handler
                0x08000a10        0x8 ./Core/Src/stm32l4xx_it.o
                0x08000a10                HardFault_Handler
 .text.MemManage_Handler
                0x08000a18        0x8 ./Core/Src/stm32l4xx_it.o
                0x08000a18                MemManage_Handler
 .text.BusFault_Handler
                0x08000a20        0x8 ./Core/Src/stm32l4xx_it.o
                0x08000a20                BusFault_Handler
 .text.UsageFault_Handler
                0x08000a28        0x8 ./Core/Src/stm32l4xx_it.o
                0x08000a28                UsageFault_Handler
 .text.SVC_Handler
                0x08000a30        0xe ./Core/Src/stm32l4xx_it.o
                0x08000a30                SVC_Handler
 .text.DebugMon_Handler
                0x08000a3e        0xe ./Core/Src/stm32l4xx_it.o
                0x08000a3e                DebugMon_Handler
 .text.PendSV_Handler
                0x08000a4c        0xe ./Core/Src/stm32l4xx_it.o
                0x08000a4c                PendSV_Handler
 .text.SysTick_Handler
                0x08000a5a        0xc ./Core/Src/stm32l4xx_it.o
                0x08000a5a                SysTick_Handler
 *fill*         0x08000a66        0x2 
 .text.USART2_IRQHandler
                0x08000a68       0x14 ./Core/Src/stm32l4xx_it.o
                0x08000a68                USART2_IRQHandler
 .text.SystemInit
                0x08000a7c       0x24 ./Core/Src/system_stm32l4xx.o
                0x08000a7c                SystemInit
 .text.Reset_Handler
                0x08000aa0       0x50 ./Core/Startup/startup_stm32l476rgtx.o
                0x08000aa0                Reset_Handler
 .text.Default_Handler
                0x08000af0        0x2 ./Core/Startup/startup_stm32l476rgtx.o
                0x08000af0                RTC_Alarm_IRQHandler
                0x08000af0                EXTI2_IRQHandler
                0x08000af0                TIM8_TRG_COM_IRQHandler
                0x08000af0                TIM8_CC_IRQHandler
                0x08000af0                TIM1_CC_IRQHandler
                0x08000af0                TSC_IRQHandler
                0x08000af0                TAMP_STAMP_IRQHandler
                0x08000af0                EXTI3_IRQHandler
                0x08000af0                LPTIM2_IRQHandler
                0x08000af0                DFSDM1_FLT1_IRQHandler
                0x08000af0                I2C3_ER_IRQHandler
                0x08000af0                DFSDM1_FLT2_IRQHandler
                0x08000af0                EXTI0_IRQHandler
                0x08000af0                I2C2_EV_IRQHandler
                0x08000af0                CAN1_RX0_IRQHandler
                0x08000af0                FPU_IRQHandler
                0x08000af0                TIM1_UP_TIM16_IRQHandler
                0x08000af0                ADC1_2_IRQHandler
                0x08000af0                SPI1_IRQHandler
                0x08000af0                TIM6_DAC_IRQHandler
                0x08000af0                TIM8_UP_IRQHandler
                0x08000af0                DMA2_Channel2_IRQHandler
                0x08000af0                DMA1_Channel4_IRQHandler
                0x08000af0                SAI2_IRQHandler
                0x08000af0                DFSDM1_FLT3_IRQHandler
                0x08000af0                USART3_IRQHandler
                0x08000af0                DMA1_Channel7_IRQHandler
                0x08000af0                CAN1_RX1_IRQHandler
                0x08000af0                LCD_IRQHandler
                0x08000af0                UART5_IRQHandler
                0x08000af0                ADC3_IRQHandler
                0x08000af0                TIM4_IRQHandler
                0x08000af0                DMA2_Channel1_IRQHandler
                0x08000af0                QUADSPI_IRQHandler
                0x08000af0                I2C1_EV_IRQHandler
                0x08000af0                DMA1_Channel6_IRQHandler
                0x08000af0                UART4_IRQHandler
                0x08000af0                DMA2_Channel4_IRQHandler
                0x08000af0                TIM3_IRQHandler
                0x08000af0                RCC_IRQHandler
                0x08000af0                DMA1_Channel1_IRQHandler
                0x08000af0                Default_Handler
                0x08000af0                DMA2_Channel7_IRQHandler
                0x08000af0                EXTI15_10_IRQHandler
                0x08000af0                TIM7_IRQHandler
                0x08000af0                SDMMC1_IRQHandler
                0x08000af0                TIM5_IRQHandler
                0x08000af0                I2C3_EV_IRQHandler
                0x08000af0                EXTI9_5_IRQHandler
                0x08000af0                RTC_WKUP_IRQHandler
                0x08000af0                PVD_PVM_IRQHandler
                0x08000af0                SPI2_IRQHandler
                0x08000af0                CAN1_TX_IRQHandler
                0x08000af0                DMA2_Channel5_IRQHandler
                0x08000af0                DMA1_Channel5_IRQHandler
                0x08000af0                EXTI4_IRQHandler
                0x08000af0                RNG_IRQHandler
                0x08000af0                TIM1_TRG_COM_TIM17_IRQHandler
                0x08000af0                DMA1_Channel3_IRQHandler
                0x08000af0                COMP_IRQHandler
                0x08000af0                WWDG_IRQHandler
                0x08000af0                LPUART1_IRQHandler
                0x08000af0                DMA2_Channel6_IRQHandler
                0x08000af0                TIM2_IRQHandler
                0x08000af0                EXTI1_IRQHandler
                0x08000af0                DFSDM1_FLT0_IRQHandler
                0x08000af0                I2C2_ER_IRQHandler
                0x08000af0                DMA1_Channel2_IRQHandler
                0x08000af0                TIM8_BRK_IRQHandler
                0x08000af0                CAN1_SCE_IRQHandler
                0x08000af0                FLASH_IRQHandler
                0x08000af0                USART1_IRQHandler
                0x08000af0                OTG_FS_IRQHandler
                0x08000af0                SPI3_IRQHandler
                0x08000af0                I2C1_ER_IRQHandler
                0x08000af0                FMC_IRQHandler
                0x08000af0                SWPMI1_IRQHandler
                0x08000af0                LPTIM1_IRQHandler
                0x08000af0                SAI1_IRQHandler
                0x08000af0                DMA2_Channel3_IRQHandler
                0x08000af0                TIM1_BRK_TIM15_IRQHandler
 *fill*         0x08000af2        0x2 
 .text.HAL_Init
                0x08000af4       0x40 ./Drivers/STM32L4xx_HAL_Driver/Src/stm32l4xx_hal.o
                0x08000af4                HAL_Init
 .text.HAL_InitTick
                0x08000b34       0x78 ./Drivers/STM32L4xx_HAL_Driver/Src/stm32l4xx_hal.o
                0x08000b34                HAL_InitTick
 .text.HAL_IncTick
                0x08000bac       0x28 ./Drivers/STM32L4xx_HAL_Driver/Src/stm32l4xx_hal.o
                0x08000bac                HAL_IncTick
 .text.HAL_GetTick
                0x08000bd4       0x18 ./Drivers/STM32L4xx_HAL_Driver/Src/stm32l4xx_hal.o
                0x08000bd4                HAL_GetTick
 .text.HAL_Delay
                0x08000bec       0x48 ./Drivers/STM32L4xx_HAL_Driver/Src/stm32l4xx_hal.o
                0x08000bec                HAL_Delay
 .text.LL_ADC_SetCommonClock
                0x08000c34       0x26 ./Drivers/STM32L4xx_HAL_Driver/Src/stm32l4xx_hal_adc.o
 .text.LL_ADC_SetCommonPathInternalCh
                0x08000c5a       0x26 ./Drivers/STM32L4xx_HAL_Driver/Src/stm32l4xx_hal_adc.o
 .text.LL_ADC_GetCommonPathInternalCh
                0x08000c80       0x1c ./Drivers/STM32L4xx_HAL_Driver/Src/stm32l4xx_hal_adc.o
 .text.LL_ADC_SetOffset
                0x08000c9c       0x48 ./Drivers/STM32L4xx_HAL_Driver/Src/stm32l4xx_hal_adc.o
 .text.LL_ADC_GetOffsetChannel
                0x08000ce4       0x2c ./Drivers/STM32L4xx_HAL_Driver/Src/stm32l4xx_hal_adc.o
 .text.LL_ADC_SetOffsetState
                0x08000d10       0x36 ./Drivers/STM32L4xx_HAL_Driver/Src/stm32l4xx_hal_adc.o
 .text.LL_ADC_REG_SetSequencerRanks
                0x08000d46       0x58 ./Drivers/STM32L4xx_HAL_Driver/Src/stm32l4xx_hal_adc.o
 .text.LL_ADC_SetChannelSamplingTime
                0x08000d9e       0x56 ./Drivers/STM32L4xx_HAL_Driver/Src/stm32l4xx_hal_adc.o
 .text.LL_ADC_SetChannelSingleDiff
                0x08000df4       0x48 ./Drivers/STM32L4xx_HAL_Driver/Src/stm32l4xx_hal_adc.o
 .text.LL_ADC_DisableDeepPowerDown
                0x08000e3c       0x24 ./Drivers/STM32L4xx_HAL_Driver/Src/stm32l4xx_hal_adc.o
 .text.LL_ADC_IsDeepPowerDownEnabled
                0x08000e60       0x28 ./Drivers/STM32L4xx_HAL_Driver/Src/stm32l4xx_hal_adc.o
 .text.LL_ADC_EnableInternalRegulator
                0x08000e88       0x28 ./Drivers/STM32L4xx_HAL_Driver/Src/stm32l4xx_hal_adc.o
 .text.LL_ADC_IsInternalRegulatorEnabled
                0x08000eb0       0x28 ./Drivers/STM32L4xx_HAL_Driver/Src/stm32l4xx_hal_adc.o
 .text.LL_ADC_IsEnabled
                0x08000ed8       0x26 ./Drivers/STM32L4xx_HAL_Driver/Src/stm32l4xx_hal_adc.o
 .text.LL_ADC_REG_IsConversionOngoing
                0x08000efe       0x26 ./Drivers/STM32L4xx_HAL_Driver/Src/stm32l4xx_hal_adc.o
 .text.LL_ADC_INJ_IsConversionOngoing
                0x08000f24       0x26 ./Drivers/STM32L4xx_HAL_Driver/Src/stm32l4xx_hal_adc.o
 *fill*         0x08000f4a        0x2 
 .text.HAL_ADC_Init
                0x08000f4c      0x2a0 ./Drivers/STM32L4xx_HAL_Driver/Src/stm32l4xx_hal_adc.o
                0x08000f4c                HAL_ADC_Init
 .text.HAL_ADC_ConfigChannel
                0x080011ec      0x7e4 ./Drivers/STM32L4xx_HAL_Driver/Src/stm32l4xx_hal_adc.o
                0x080011ec                HAL_ADC_ConfigChannel
 .text.LL_ADC_IsEnabled
                0x080019d0       0x26 ./Drivers/STM32L4xx_HAL_Driver/Src/stm32l4xx_hal_adc_ex.o
 .text.LL_ADC_REG_IsConversionOngoing
                0x080019f6       0x26 ./Drivers/STM32L4xx_HAL_Driver/Src/stm32l4xx_hal_adc_ex.o
 .text.HAL_ADCEx_MultiModeConfigChannel
                0x08001a1c      0x160 ./Drivers/STM32L4xx_HAL_Driver/Src/stm32l4xx_hal_adc_ex.o
                0x08001a1c                HAL_ADCEx_MultiModeConfigChannel
 .text.__NVIC_SetPriorityGrouping
                0x08001b7c       0x48 ./Drivers/STM32L4xx_HAL_Driver/Src/stm32l4xx_hal_cortex.o
 .text.__NVIC_GetPriorityGrouping
                0x08001bc4       0x1c ./Drivers/STM32L4xx_HAL_Driver/Src/stm32l4xx_hal_cortex.o
 .text.__NVIC_EnableIRQ
                0x08001be0       0x3c ./Drivers/STM32L4xx_HAL_Driver/Src/stm32l4xx_hal_cortex.o
 .text.__NVIC_SetPriority
                0x08001c1c       0x54 ./Drivers/STM32L4xx_HAL_Driver/Src/stm32l4xx_hal_cortex.o
 .text.NVIC_EncodePriority
                0x08001c70       0x66 ./Drivers/STM32L4xx_HAL_Driver/Src/stm32l4xx_hal_cortex.o
 *fill*         0x08001cd6        0x2 
 .text.SysTick_Config
                0x08001cd8       0x44 ./Drivers/STM32L4xx_HAL_Driver/Src/stm32l4xx_hal_cortex.o
 .text.HAL_NVIC_SetPriorityGrouping
                0x08001d1c       0x16 ./Drivers/STM32L4xx_HAL_Driver/Src/stm32l4xx_hal_cortex.o
                0x08001d1c                HAL_NVIC_SetPriorityGrouping
 .text.HAL_NVIC_SetPriority
                0x08001d32       0x38 ./Drivers/STM32L4xx_HAL_Driver/Src/stm32l4xx_hal_cortex.o
                0x08001d32                HAL_NVIC_SetPriority
 .text.HAL_NVIC_EnableIRQ
                0x08001d6a       0x1c ./Drivers/STM32L4xx_HAL_Driver/Src/stm32l4xx_hal_cortex.o
                0x08001d6a                HAL_NVIC_EnableIRQ
 .text.HAL_SYSTICK_Config
                0x08001d86       0x18 ./Drivers/STM32L4xx_HAL_Driver/Src/stm32l4xx_hal_cortex.o
                0x08001d86                HAL_SYSTICK_Config
 .text.HAL_DMA_Abort
                0x08001d9e       0x7c ./Drivers/STM32L4xx_HAL_Driver/Src/stm32l4xx_hal_dma.o
                0x08001d9e                HAL_DMA_Abort
 .text.HAL_DMA_Abort_IT
                0x08001e1a       0x82 ./Drivers/STM32L4xx_HAL_Driver/Src/stm32l4xx_hal_dma.o
                0x08001e1a                HAL_DMA_Abort_IT
 .text.HAL_GPIO_Init
                0x08001e9c      0x354 ./Drivers/STM32L4xx_HAL_Driver/Src/stm32l4xx_hal_gpio.o
                0x08001e9c                HAL_GPIO_Init
 .text.HAL_GPIO_ReadPin
                0x080021f0       0x30 ./Drivers/STM32L4xx_HAL_Driver/Src/stm32l4xx_hal_gpio.o
                0x080021f0                HAL_GPIO_ReadPin
 .text.HAL_GPIO_WritePin
                0x08002220       0x30 ./Drivers/STM32L4xx_HAL_Driver/Src/stm32l4xx_hal_gpio.o
                0x08002220                HAL_GPIO_WritePin
 .text.HAL_GPIO_TogglePin
                0x08002250       0x34 ./Drivers/STM32L4xx_HAL_Driver/Src/stm32l4xx_hal_gpio.o
                0x08002250                HAL_GPIO_TogglePin
 .text.HAL_PWREx_GetVoltageRange
                0x08002284       0x1c ./Drivers/STM32L4xx_HAL_Driver/Src/stm32l4xx_hal_pwr_ex.o
                0x08002284                HAL_PWREx_GetVoltageRange
 .text.HAL_PWREx_ControlVoltageScaling
                0x080022a0       0xac ./Drivers/STM32L4xx_HAL_Driver/Src/stm32l4xx_hal_pwr_ex.o
                0x080022a0                HAL_PWREx_ControlVoltageScaling
 .text.HAL_RCC_OscConfig
                0x0800234c      0x7b8 ./Drivers/STM32L4xx_HAL_Driver/Src/stm32l4xx_hal_rcc.o
                0x0800234c                HAL_RCC_OscConfig
 .text.HAL_RCC_ClockConfig
                0x08002b04      0x200 ./Drivers/STM32L4xx_HAL_Driver/Src/stm32l4xx_hal_rcc.o
                0x08002b04                HAL_RCC_ClockConfig
 .text.HAL_RCC_GetSysClockFreq
                0x08002d04      0x118 ./Drivers/STM32L4xx_HAL_Driver/Src/stm32l4xx_hal_rcc.o
                0x08002d04                HAL_RCC_GetSysClockFreq
 .text.HAL_RCC_GetHCLKFreq
                0x08002e1c       0x18 ./Drivers/STM32L4xx_HAL_Driver/Src/stm32l4xx_hal_rcc.o
                0x08002e1c                HAL_RCC_GetHCLKFreq
 .text.HAL_RCC_GetPCLK1Freq
                0x08002e34       0x2c ./Drivers/STM32L4xx_HAL_Driver/Src/stm32l4xx_hal_rcc.o
                0x08002e34                HAL_RCC_GetPCLK1Freq
 .text.HAL_RCC_GetPCLK2Freq
                0x08002e60       0x2c ./Drivers/STM32L4xx_HAL_Driver/Src/stm32l4xx_hal_rcc.o
                0x08002e60                HAL_RCC_GetPCLK2Freq
 .text.RCC_SetFlashLatencyFromMSIRange
                0x08002e8c       0xc0 ./Drivers/STM32L4xx_HAL_Driver/Src/stm32l4xx_hal_rcc.o
 .text.HAL_RCCEx_PeriphCLKConfig
                0x08002f4c      0x5d4 ./Drivers/STM32L4xx_HAL_Driver/Src/stm32l4xx_hal_rcc_ex.o
                0x08002f4c                HAL_RCCEx_PeriphCLKConfig
 .text.RCCEx_PLLSAI1_Config
                0x08003520      0x1e8 ./Drivers/STM32L4xx_HAL_Driver/Src/stm32l4xx_hal_rcc_ex.o
 .text.RCCEx_PLLSAI2_Config
                0x08003708      0x1bc ./Drivers/STM32L4xx_HAL_Driver/Src/stm32l4xx_hal_rcc_ex.o
 .text.HAL_UART_Init
                0x080038c4       0x9c ./Drivers/STM32L4xx_HAL_Driver/Src/stm32l4xx_hal_uart.o
                0x080038c4                HAL_UART_Init
 .text.HAL_UART_IRQHandler
                0x08003960      0x60c ./Drivers/STM32L4xx_HAL_Driver/Src/stm32l4xx_hal_uart.o
                0x08003960                HAL_UART_IRQHandler
 .text.HAL_UART_TxCpltCallback
                0x08003f6c       0x14 ./Drivers/STM32L4xx_HAL_Driver/Src/stm32l4xx_hal_uart.o
                0x08003f6c                HAL_UART_TxCpltCallback
 .text.HAL_UART_ErrorCallback
                0x08003f80       0x14 ./Drivers/STM32L4xx_HAL_Driver/Src/stm32l4xx_hal_uart.o
                0x08003f80                HAL_UART_ErrorCallback
 .text.HAL_UARTEx_RxEventCallback
                0x08003f94       0x18 ./Drivers/STM32L4xx_HAL_Driver/Src/stm32l4xx_hal_uart.o
                0x08003f94                HAL_UARTEx_RxEventCallback
 .text.UART_SetConfig
                0x08003fac      0x570 ./Drivers/STM32L4xx_HAL_Driver/Src/stm32l4xx_hal_uart.o
                0x08003fac                UART_SetConfig
 .text.UART_AdvFeatureConfig
                0x0800451c      0x144 ./Drivers/STM32L4xx_HAL_Driver/Src/stm32l4xx_hal_uart.o
                0x0800451c                UART_AdvFeatureConfig
 .text.UART_CheckIdleState
                0x08004660      0x150 ./Drivers/STM32L4xx_HAL_Driver/Src/stm32l4xx_hal_uart.o
                0x08004660                UART_CheckIdleState
 .text.UART_WaitOnFlagUntilTimeout
                0x080047b0       0xda ./Drivers/STM32L4xx_HAL_Driver/Src/stm32l4xx_hal_uart.o
                0x080047b0                UART_WaitOnFlagUntilTimeout
 .text.UART_EndRxTransfer
                0x0800488a       0xc8 ./Drivers/STM32L4xx_HAL_Driver/Src/stm32l4xx_hal_uart.o
 .text.UART_DMAAbortOnError
                0x08004952       0x2c ./Drivers/STM32L4xx_HAL_Driver/Src/stm32l4xx_hal_uart.o
 .text.UART_EndTransmit_IT
                0x0800497e       0x54 ./Drivers/STM32L4xx_HAL_Driver/Src/stm32l4xx_hal_uart.o
 .text.HAL_UARTEx_WakeupCallback
                0x080049d2       0x14 ./Drivers/STM32L4xx_HAL_Driver/Src/stm32l4xx_hal_uart_ex.o
                0x080049d2                HAL_UARTEx_WakeupCallback
 .text.memset   0x080049e6       0x10 /home/victor/Desktop/CC/CesarSchool/6_período/Embarcados/en.st-stm32cubeide_1.16.0_21983_20240628_1741_amd64.sh/makeself_dir_AxQjcc/y/plugins/com.st.stm32cube.ide.mcu.externaltools.gnu-tools-for-stm32.12.3.rel1.linux64_1.0.200.202406132123/tools/bin/../lib/gcc/arm-none-eabi/12.3.1/../../../../arm-none-eabi/lib/thumb/v7e-m+fp/hard/libc_nano.a(libc_a-memset.o)
                0x080049e6                memset
 *fill*         0x080049f6        0x2 
 .text.__libc_init_array
                0x080049f8       0x48 /home/victor/Desktop/CC/CesarSchool/6_período/Embarcados/en.st-stm32cubeide_1.16.0_21983_20240628_1741_amd64.sh/makeself_dir_AxQjcc/y/plugins/com.st.stm32cube.ide.mcu.externaltools.gnu-tools-for-stm32.12.3.rel1.linux64_1.0.200.202406132123/tools/bin/../lib/gcc/arm-none-eabi/12.3.1/../../../../arm-none-eabi/lib/thumb/v7e-m+fp/hard/libc_nano.a(libc_a-init.o)
                0x080049f8                __libc_init_array
 *(.glue_7)
 .glue_7        0x08004a40        0x0 linker stubs
 *(.glue_7t)
 .glue_7t       0x08004a40        0x0 linker stubs
 *(.eh_frame)
 .eh_frame      0x08004a40        0x0 /home/victor/Desktop/CC/CesarSchool/6_período/Embarcados/en.st-stm32cubeide_1.16.0_21983_20240628_1741_amd64.sh/makeself_dir_AxQjcc/y/plugins/com.st.stm32cube.ide.mcu.externaltools.gnu-tools-for-stm32.12.3.rel1.linux64_1.0.200.202406132123/tools/bin/../lib/gcc/arm-none-eabi/12.3.1/thumb/v7e-m+fp/hard/crtbegin.o
 *(.init)
 .init          0x08004a40        0x4 /home/victor/Desktop/CC/CesarSchool/6_período/Embarcados/en.st-stm32cubeide_1.16.0_21983_20240628_1741_amd64.sh/makeself_dir_AxQjcc/y/plugins/com.st.stm32cube.ide.mcu.externaltools.gnu-tools-for-stm32.12.3.rel1.linux64_1.0.200.202406132123/tools/bin/../lib/gcc/arm-none-eabi/12.3.1/thumb/v7e-m+fp/hard/crti.o
                0x08004a40                _init
 .init          0x08004a44        0x8 /home/victor/Desktop/CC/CesarSchool/6_período/Embarcados/en.st-stm32cubeide_1.16.0_21983_20240628_1741_amd64.sh/makeself_dir_AxQjcc/y/plugins/com.st.stm32cube.ide.mcu.externaltools.gnu-tools-for-stm32.12.3.rel1.linux64_1.0.200.202406132123/tools/bin/../lib/gcc/arm-none-eabi/12.3.1/thumb/v7e-m+fp/hard/crtn.o
 *(.fini)
 .fini          0x08004a4c        0x4 /home/victor/Desktop/CC/CesarSchool/6_período/Embarcados/en.st-stm32cubeide_1.16.0_21983_20240628_1741_amd64.sh/makeself_dir_AxQjcc/y/plugins/com.st.stm32cube.ide.mcu.externaltools.gnu-tools-for-stm32.12.3.rel1.linux64_1.0.200.202406132123/tools/bin/../lib/gcc/arm-none-eabi/12.3.1/thumb/v7e-m+fp/hard/crti.o
                0x08004a4c                _fini
 .fini          0x08004a50        0x8 /home/victor/Desktop/CC/CesarSchool/6_período/Embarcados/en.st-stm32cubeide_1.16.0_21983_20240628_1741_amd64.sh/makeself_dir_AxQjcc/y/plugins/com.st.stm32cube.ide.mcu.externaltools.gnu-tools-for-stm32.12.3.rel1.linux64_1.0.200.202406132123/tools/bin/../lib/gcc/arm-none-eabi/12.3.1/thumb/v7e-m+fp/hard/crtn.o
                0x08004a58                        . = ALIGN (0x4)
                0x08004a58                        _etext = .

.vfp11_veneer   0x08004a58        0x0
 .vfp11_veneer  0x08004a58        0x0 linker stubs

.v4_bx          0x08004a58        0x0
 .v4_bx         0x08004a58        0x0 linker stubs

.iplt           0x08004a58        0x0
 .iplt          0x08004a58        0x0 /home/victor/Desktop/CC/CesarSchool/6_período/Embarcados/en.st-stm32cubeide_1.16.0_21983_20240628_1741_amd64.sh/makeself_dir_AxQjcc/y/plugins/com.st.stm32cube.ide.mcu.externaltools.gnu-tools-for-stm32.12.3.rel1.linux64_1.0.200.202406132123/tools/bin/../lib/gcc/arm-none-eabi/12.3.1/thumb/v7e-m+fp/hard/crtbegin.o

.rodata         0x08004a58       0x48
                0x08004a58                        . = ALIGN (0x4)
 *(.rodata)
 *(.rodata*)
 .rodata.AHBPrescTable
                0x08004a58       0x10 ./Core/Src/system_stm32l4xx.o
                0x08004a58                AHBPrescTable
 .rodata.APBPrescTable
                0x08004a68        0x8 ./Core/Src/system_stm32l4xx.o
                0x08004a68                APBPrescTable
 .rodata.MSIRangeTable
                0x08004a70       0x30 ./Core/Src/system_stm32l4xx.o
                0x08004a70                MSIRangeTable
                0x08004aa0                        . = ALIGN (0x4)

.ARM.extab      0x08004aa0        0x0
                0x08004aa0                        . = ALIGN (0x4)
 *(.ARM.extab* .gnu.linkonce.armextab.*)
                0x08004aa0                        . = ALIGN (0x4)

.ARM            0x08004aa0        0x8
                0x08004aa0                        . = ALIGN (0x4)
                0x08004aa0                        __exidx_start = .
 *(.ARM.exidx*)
 .ARM.exidx     0x08004aa0        0x8 /home/victor/Desktop/CC/CesarSchool/6_período/Embarcados/en.st-stm32cubeide_1.16.0_21983_20240628_1741_amd64.sh/makeself_dir_AxQjcc/y/plugins/com.st.stm32cube.ide.mcu.externaltools.gnu-tools-for-stm32.12.3.rel1.linux64_1.0.200.202406132123/tools/bin/../lib/gcc/arm-none-eabi/12.3.1/thumb/v7e-m+fp/hard/libgcc.a(_udivmoddi4.o)
                0x08004aa8                        __exidx_end = .
                0x08004aa8                        . = ALIGN (0x4)

.preinit_array  0x08004aa8        0x0
                0x08004aa8                        . = ALIGN (0x4)
                0x08004aa8                        PROVIDE (__preinit_array_start = .)
 *(.preinit_array*)
                0x08004aa8                        PROVIDE (__preinit_array_end = .)
                0x08004aa8                        . = ALIGN (0x4)

.init_array     0x08004aa8        0x4
                0x08004aa8                        . = ALIGN (0x4)
                0x08004aa8                        PROVIDE (__init_array_start = .)
 *(SORT_BY_NAME(.init_array.*))
 *(.init_array*)
 .init_array    0x08004aa8        0x4 /home/victor/Desktop/CC/CesarSchool/6_período/Embarcados/en.st-stm32cubeide_1.16.0_21983_20240628_1741_amd64.sh/makeself_dir_AxQjcc/y/plugins/com.st.stm32cube.ide.mcu.externaltools.gnu-tools-for-stm32.12.3.rel1.linux64_1.0.200.202406132123/tools/bin/../lib/gcc/arm-none-eabi/12.3.1/thumb/v7e-m+fp/hard/crtbegin.o
                0x08004aac                        PROVIDE (__init_array_end = .)
                0x08004aac                        . = ALIGN (0x4)

.fini_array     0x08004aac        0x4
                0x08004aac                        . = ALIGN (0x4)
                [!provide]                        PROVIDE (__fini_array_start = .)
 *(SORT_BY_NAME(.fini_array.*))
 *(.fini_array*)
 .fini_array    0x08004aac        0x4 /home/victor/Desktop/CC/CesarSchool/6_período/Embarcados/en.st-stm32cubeide_1.16.0_21983_20240628_1741_amd64.sh/makeself_dir_AxQjcc/y/plugins/com.st.stm32cube.ide.mcu.externaltools.gnu-tools-for-stm32.12.3.rel1.linux64_1.0.200.202406132123/tools/bin/../lib/gcc/arm-none-eabi/12.3.1/thumb/v7e-m+fp/hard/crtbegin.o
                [!provide]                        PROVIDE (__fini_array_end = .)
                0x08004ab0                        . = ALIGN (0x4)
                0x08004ab0                        _sidata = LOADADDR (.data)

.rel.dyn        0x08004ab0        0x0
 .rel.iplt      0x08004ab0        0x0 /home/victor/Desktop/CC/CesarSchool/6_período/Embarcados/en.st-stm32cubeide_1.16.0_21983_20240628_1741_amd64.sh/makeself_dir_AxQjcc/y/plugins/com.st.stm32cube.ide.mcu.externaltools.gnu-tools-for-stm32.12.3.rel1.linux64_1.0.200.202406132123/tools/bin/../lib/gcc/arm-none-eabi/12.3.1/thumb/v7e-m+fp/hard/crtbegin.o

.data           0x20000000       0x10 load address 0x08004ab0
                0x20000000                        . = ALIGN (0x4)
                0x20000000                        _sdata = .
 *(.data)
 *(.data*)
 .data.tempo    0x20000000        0x4 ./Core/Src/main.o
                0x20000000                tempo
 .data.SystemCoreClock
                0x20000004        0x4 ./Core/Src/system_stm32l4xx.o
                0x20000004                SystemCoreClock
 .data.uwTickPrio
                0x20000008        0x4 ./Drivers/STM32L4xx_HAL_Driver/Src/stm32l4xx_hal.o
                0x20000008                uwTickPrio
 .data.uwTickFreq
                0x2000000c        0x1 ./Drivers/STM32L4xx_HAL_Driver/Src/stm32l4xx_hal.o
                0x2000000c                uwTickFreq
 *(.RamFunc)
 *(.RamFunc*)
                0x20000010                        . = ALIGN (0x4)
 *fill*         0x2000000d        0x3 
                0x20000010                        _edata = .

.igot.plt       0x20000010        0x0 load address 0x08004ac0
 .igot.plt      0x20000010        0x0 /home/victor/Desktop/CC/CesarSchool/6_período/Embarcados/en.st-stm32cubeide_1.16.0_21983_20240628_1741_amd64.sh/makeself_dir_AxQjcc/y/plugins/com.st.stm32cube.ide.mcu.externaltools.gnu-tools-for-stm32.12.3.rel1.linux64_1.0.200.202406132123/tools/bin/../lib/gcc/arm-none-eabi/12.3.1/thumb/v7e-m+fp/hard/crtbegin.o
                0x20000010                        . = ALIGN (0x4)

.bss            0x20000010      0x10c load address 0x08004ac0
                0x20000010                        _sbss = .
                0x20000010                        __bss_start__ = _sbss
 *(.bss)
 .bss           0x20000010       0x1c /home/victor/Desktop/CC/CesarSchool/6_período/Embarcados/en.st-stm32cubeide_1.16.0_21983_20240628_1741_amd64.sh/makeself_dir_AxQjcc/y/plugins/com.st.stm32cube.ide.mcu.externaltools.gnu-tools-for-stm32.12.3.rel1.linux64_1.0.200.202406132123/tools/bin/../lib/gcc/arm-none-eabi/12.3.1/thumb/v7e-m+fp/hard/crtbegin.o
 *(.bss*)
 .bss.hadc1     0x2000002c       0x64 ./Core/Src/main.o
                0x2000002c                hadc1
 .bss.huart2    0x20000090       0x88 ./Core/Src/main.o
                0x20000090                huart2
 .bss.uwTick    0x20000118        0x4 ./Drivers/STM32L4xx_HAL_Driver/Src/stm32l4xx_hal.o
                0x20000118                uwTick
 *(COMMON)
                0x2000011c                        . = ALIGN (0x4)
                0x2000011c                        _ebss = .
                0x2000011c                        __bss_end__ = _ebss

._user_heap_stack
                0x2000011c      0x604 load address 0x08004ac0
                0x20000120                        . = ALIGN (0x8)
 *fill*         0x2000011c        0x4 
                [!provide]                        PROVIDE (end = .)
                0x20000120                        PROVIDE (_end = .)
                0x20000320                        . = (. + _Min_Heap_Size)
 *fill*         0x20000120      0x200 
                0x20000720                        . = (. + _Min_Stack_Size)
 *fill*         0x20000320      0x400 
                0x20000720                        . = ALIGN (0x8)

/DISCARD/
 libc.a(*)
 libm.a(*)
 libgcc.a(*)

.ARM.attributes
                0x00000000       0x30
 *(.ARM.attributes)
 .ARM.attributes
                0x00000000       0x22 /home/victor/Desktop/CC/CesarSchool/6_período/Embarcados/en.st-stm32cubeide_1.16.0_21983_20240628_1741_amd64.sh/makeself_dir_AxQjcc/y/plugins/com.st.stm32cube.ide.mcu.externaltools.gnu-tools-for-stm32.12.3.rel1.linux64_1.0.200.202406132123/tools/bin/../lib/gcc/arm-none-eabi/12.3.1/thumb/v7e-m+fp/hard/crti.o
 .ARM.attributes
                0x00000022       0x34 /home/victor/Desktop/CC/CesarSchool/6_período/Embarcados/en.st-stm32cubeide_1.16.0_21983_20240628_1741_amd64.sh/makeself_dir_AxQjcc/y/plugins/com.st.stm32cube.ide.mcu.externaltools.gnu-tools-for-stm32.12.3.rel1.linux64_1.0.200.202406132123/tools/bin/../lib/gcc/arm-none-eabi/12.3.1/thumb/v7e-m+fp/hard/crtbegin.o
 .ARM.attributes
                0x00000056       0x34 ./Core/Src/main.o
 .ARM.attributes
                0x0000008a       0x34 ./Core/Src/stm32l4xx_hal_msp.o
 .ARM.attributes
                0x000000be       0x34 ./Core/Src/stm32l4xx_it.o
 .ARM.attributes
                0x000000f2       0x34 ./Core/Src/system_stm32l4xx.o
 .ARM.attributes
                0x00000126       0x21 ./Core/Startup/startup_stm32l476rgtx.o
 .ARM.attributes
                0x00000147       0x34 ./Drivers/STM32L4xx_HAL_Driver/Src/stm32l4xx_hal.o
 .ARM.attributes
                0x0000017b       0x34 ./Drivers/STM32L4xx_HAL_Driver/Src/stm32l4xx_hal_adc.o
 .ARM.attributes
                0x000001af       0x34 ./Drivers/STM32L4xx_HAL_Driver/Src/stm32l4xx_hal_adc_ex.o
 .ARM.attributes
                0x000001e3       0x34 ./Drivers/STM32L4xx_HAL_Driver/Src/stm32l4xx_hal_cortex.o
 .ARM.attributes
                0x00000217       0x34 ./Drivers/STM32L4xx_HAL_Driver/Src/stm32l4xx_hal_dma.o
 .ARM.attributes
                0x0000024b       0x34 ./Drivers/STM32L4xx_HAL_Driver/Src/stm32l4xx_hal_gpio.o
 .ARM.attributes
                0x0000027f       0x34 ./Drivers/STM32L4xx_HAL_Driver/Src/stm32l4xx_hal_pwr_ex.o
 .ARM.attributes
                0x000002b3       0x34 ./Drivers/STM32L4xx_HAL_Driver/Src/stm32l4xx_hal_rcc.o
 .ARM.attributes
                0x000002e7       0x34 ./Drivers/STM32L4xx_HAL_Driver/Src/stm32l4xx_hal_rcc_ex.o
 .ARM.attributes
                0x0000031b       0x34 ./Drivers/STM32L4xx_HAL_Driver/Src/stm32l4xx_hal_uart.o
 .ARM.attributes
                0x0000034f       0x34 ./Drivers/STM32L4xx_HAL_Driver/Src/stm32l4xx_hal_uart_ex.o
 .ARM.attributes
                0x00000383       0x34 /home/victor/Desktop/CC/CesarSchool/6_período/Embarcados/en.st-stm32cubeide_1.16.0_21983_20240628_1741_amd64.sh/makeself_dir_AxQjcc/y/plugins/com.st.stm32cube.ide.mcu.externaltools.gnu-tools-for-stm32.12.3.rel1.linux64_1.0.200.202406132123/tools/bin/../lib/gcc/arm-none-eabi/12.3.1/../../../../arm-none-eabi/lib/thumb/v7e-m+fp/hard/libc_nano.a(libc_a-memset.o)
 .ARM.attributes
                0x000003b7       0x34 /home/victor/Desktop/CC/CesarSchool/6_período/Embarcados/en.st-stm32cubeide_1.16.0_21983_20240628_1741_amd64.sh/makeself_dir_AxQjcc/y/plugins/com.st.stm32cube.ide.mcu.externaltools.gnu-tools-for-stm32.12.3.rel1.linux64_1.0.200.202406132123/tools/bin/../lib/gcc/arm-none-eabi/12.3.1/../../../../arm-none-eabi/lib/thumb/v7e-m+fp/hard/libc_nano.a(libc_a-init.o)
 .ARM.attributes
                0x000003eb       0x22 /home/victor/Desktop/CC/CesarSchool/6_período/Embarcados/en.st-stm32cubeide_1.16.0_21983_20240628_1741_amd64.sh/makeself_dir_AxQjcc/y/plugins/com.st.stm32cube.ide.mcu.externaltools.gnu-tools-for-stm32.12.3.rel1.linux64_1.0.200.202406132123/tools/bin/../lib/gcc/arm-none-eabi/12.3.1/thumb/v7e-m+fp/hard/libgcc.a(_aeabi_uldivmod.o)
 .ARM.attributes
                0x0000040d       0x34 /home/victor/Desktop/CC/CesarSchool/6_período/Embarcados/en.st-stm32cubeide_1.16.0_21983_20240628_1741_amd64.sh/makeself_dir_AxQjcc/y/plugins/com.st.stm32cube.ide.mcu.externaltools.gnu-tools-for-stm32.12.3.rel1.linux64_1.0.200.202406132123/tools/bin/../lib/gcc/arm-none-eabi/12.3.1/thumb/v7e-m+fp/hard/libgcc.a(_udivmoddi4.o)
 .ARM.attributes
                0x00000441       0x22 /home/victor/Desktop/CC/CesarSchool/6_período/Embarcados/en.st-stm32cubeide_1.16.0_21983_20240628_1741_amd64.sh/makeself_dir_AxQjcc/y/plugins/com.st.stm32cube.ide.mcu.externaltools.gnu-tools-for-stm32.12.3.rel1.linux64_1.0.200.202406132123/tools/bin/../lib/gcc/arm-none-eabi/12.3.1/thumb/v7e-m+fp/hard/libgcc.a(_dvmd_tls.o)
 .ARM.attributes
                0x00000463       0x22 /home/victor/Desktop/CC/CesarSchool/6_período/Embarcados/en.st-stm32cubeide_1.16.0_21983_20240628_1741_amd64.sh/makeself_dir_AxQjcc/y/plugins/com.st.stm32cube.ide.mcu.externaltools.gnu-tools-for-stm32.12.3.rel1.linux64_1.0.200.202406132123/tools/bin/../lib/gcc/arm-none-eabi/12.3.1/thumb/v7e-m+fp/hard/crtn.o
OUTPUT(ADC.elf elf32-littlearm)
LOAD linker stubs
LOAD /home/victor/Desktop/CC/CesarSchool/6_período/Embarcados/en.st-stm32cubeide_1.16.0_21983_20240628_1741_amd64.sh/makeself_dir_AxQjcc/y/plugins/com.st.stm32cube.ide.mcu.externaltools.gnu-tools-for-stm32.12.3.rel1.linux64_1.0.200.202406132123/tools/bin/../lib/gcc/arm-none-eabi/12.3.1/../../../../arm-none-eabi/lib/thumb/v7e-m+fp/hard/libc.a
LOAD /home/victor/Desktop/CC/CesarSchool/6_período/Embarcados/en.st-stm32cubeide_1.16.0_21983_20240628_1741_amd64.sh/makeself_dir_AxQjcc/y/plugins/com.st.stm32cube.ide.mcu.externaltools.gnu-tools-for-stm32.12.3.rel1.linux64_1.0.200.202406132123/tools/bin/../lib/gcc/arm-none-eabi/12.3.1/../../../../arm-none-eabi/lib/thumb/v7e-m+fp/hard/libm.a
LOAD /home/victor/Desktop/CC/CesarSchool/6_período/Embarcados/en.st-stm32cubeide_1.16.0_21983_20240628_1741_amd64.sh/makeself_dir_AxQjcc/y/plugins/com.st.stm32cube.ide.mcu.externaltools.gnu-tools-for-stm32.12.3.rel1.linux64_1.0.200.202406132123/tools/bin/../lib/gcc/arm-none-eabi/12.3.1/thumb/v7e-m+fp/hard/libgcc.a

.debug_info     0x00000000    0x10231
 .debug_info    0x00000000     0x12fb ./Core/Src/main.o
 .debug_info    0x000012fb     0x144c ./Core/Src/stm32l4xx_hal_msp.o
 .debug_info    0x00002747      0x72d ./Core/Src/stm32l4xx_it.o
 .debug_info    0x00002e74      0x5b1 ./Core/Src/system_stm32l4xx.o
 .debug_info    0x00003425       0x30 ./Core/Startup/startup_stm32l476rgtx.o
 .debug_info    0x00003455      0xc09 ./Drivers/STM32L4xx_HAL_Driver/Src/stm32l4xx_hal.o
 .debug_info    0x0000405e     0x1db8 ./Drivers/STM32L4xx_HAL_Driver/Src/stm32l4xx_hal_adc.o
 .debug_info    0x00005e16     0x1b24 ./Drivers/STM32L4xx_HAL_Driver/Src/stm32l4xx_hal_adc_ex.o
 .debug_info    0x0000793a      0xd81 ./Drivers/STM32L4xx_HAL_Driver/Src/stm32l4xx_hal_cortex.o
 .debug_info    0x000086bb      0x6f4 ./Drivers/STM32L4xx_HAL_Driver/Src/stm32l4xx_hal_dma.o
 .debug_info    0x00008daf      0x757 ./Drivers/STM32L4xx_HAL_Driver/Src/stm32l4xx_hal_gpio.o
 .debug_info    0x00009506      0x99e ./Drivers/STM32L4xx_HAL_Driver/Src/stm32l4xx_hal_pwr_ex.o
 .debug_info    0x00009ea4      0xc14 ./Drivers/STM32L4xx_HAL_Driver/Src/stm32l4xx_hal_rcc.o
 .debug_info    0x0000aab8      0xe11 ./Drivers/STM32L4xx_HAL_Driver/Src/stm32l4xx_hal_rcc_ex.o
 .debug_info    0x0000b8c9     0x3b69 ./Drivers/STM32L4xx_HAL_Driver/Src/stm32l4xx_hal_uart.o
 .debug_info    0x0000f432      0xdff ./Drivers/STM32L4xx_HAL_Driver/Src/stm32l4xx_hal_uart_ex.o

.debug_abbrev   0x00000000     0x22c8
 .debug_abbrev  0x00000000      0x26c ./Core/Src/main.o
 .debug_abbrev  0x0000026c      0x1d7 ./Core/Src/stm32l4xx_hal_msp.o
 .debug_abbrev  0x00000443      0x172 ./Core/Src/stm32l4xx_it.o
 .debug_abbrev  0x000005b5      0x11a ./Core/Src/system_stm32l4xx.o
 .debug_abbrev  0x000006cf       0x24 ./Core/Startup/startup_stm32l476rgtx.o
 .debug_abbrev  0x000006f3      0x243 ./Drivers/STM32L4xx_HAL_Driver/Src/stm32l4xx_hal.o
 .debug_abbrev  0x00000936      0x2de ./Drivers/STM32L4xx_HAL_Driver/Src/stm32l4xx_hal_adc.o
 .debug_abbrev  0x00000c14      0x2f1 ./Drivers/STM32L4xx_HAL_Driver/Src/stm32l4xx_hal_adc_ex.o
 .debug_abbrev  0x00000f05      0x31c ./Drivers/STM32L4xx_HAL_Driver/Src/stm32l4xx_hal_cortex.o
 .debug_abbrev  0x00001221      0x1e4 ./Drivers/STM32L4xx_HAL_Driver/Src/stm32l4xx_hal_dma.o
 .debug_abbrev  0x00001405      0x1cb ./Drivers/STM32L4xx_HAL_Driver/Src/stm32l4xx_hal_gpio.o
 .debug_abbrev  0x000015d0      0x1f9 ./Drivers/STM32L4xx_HAL_Driver/Src/stm32l4xx_hal_pwr_ex.o
 .debug_abbrev  0x000017c9      0x2cb ./Drivers/STM32L4xx_HAL_Driver/Src/stm32l4xx_hal_rcc.o
 .debug_abbrev  0x00001a94      0x2a6 ./Drivers/STM32L4xx_HAL_Driver/Src/stm32l4xx_hal_rcc_ex.o
 .debug_abbrev  0x00001d3a      0x2d0 ./Drivers/STM32L4xx_HAL_Driver/Src/stm32l4xx_hal_uart.o
 .debug_abbrev  0x0000200a      0x2be ./Drivers/STM32L4xx_HAL_Driver/Src/stm32l4xx_hal_uart_ex.o

.debug_aranges  0x00000000      0xd90
 .debug_aranges
                0x00000000       0x48 ./Core/Src/main.o
 .debug_aranges
                0x00000048       0x40 ./Core/Src/stm32l4xx_hal_msp.o
 .debug_aranges
                0x00000088       0x68 ./Core/Src/stm32l4xx_it.o
 .debug_aranges
                0x000000f0       0x28 ./Core/Src/system_stm32l4xx.o
 .debug_aranges
                0x00000118       0x28 ./Core/Startup/startup_stm32l476rgtx.o
 .debug_aranges
                0x00000140      0x130 ./Drivers/STM32L4xx_HAL_Driver/Src/stm32l4xx_hal.o
 .debug_aranges
                0x00000270      0x220 ./Drivers/STM32L4xx_HAL_Driver/Src/stm32l4xx_hal_adc.o
 .debug_aranges
                0x00000490      0x1a8 ./Drivers/STM32L4xx_HAL_Driver/Src/stm32l4xx_hal_adc_ex.o
 .debug_aranges
                0x00000638      0x128 ./Drivers/STM32L4xx_HAL_Driver/Src/stm32l4xx_hal_cortex.o
 .debug_aranges
                0x00000760       0x80 ./Drivers/STM32L4xx_HAL_Driver/Src/stm32l4xx_hal_dma.o
 .debug_aranges
                0x000007e0       0x58 ./Drivers/STM32L4xx_HAL_Driver/Src/stm32l4xx_hal_gpio.o
 .debug_aranges
                0x00000838      0x160 ./Drivers/STM32L4xx_HAL_Driver/Src/stm32l4xx_hal_pwr_ex.o
 .debug_aranges
                0x00000998       0x90 ./Drivers/STM32L4xx_HAL_Driver/Src/stm32l4xx_hal_rcc.o
 .debug_aranges
                0x00000a28       0xc0 ./Drivers/STM32L4xx_HAL_Driver/Src/stm32l4xx_hal_rcc_ex.o
 .debug_aranges
                0x00000ae8      0x228 ./Drivers/STM32L4xx_HAL_Driver/Src/stm32l4xx_hal_uart.o
 .debug_aranges
                0x00000d10       0x80 ./Drivers/STM32L4xx_HAL_Driver/Src/stm32l4xx_hal_uart_ex.o

.debug_rnglists
                0x00000000      0xa79
 .debug_rnglists
                0x00000000       0x35 ./Core/Src/main.o
 .debug_rnglists
                0x00000035       0x2d ./Core/Src/stm32l4xx_hal_msp.o
 .debug_rnglists
                0x00000062       0x49 ./Core/Src/stm32l4xx_it.o
 .debug_rnglists
                0x000000ab       0x1a ./Core/Src/system_stm32l4xx.o
 .debug_rnglists
                0x000000c5       0x19 ./Core/Startup/startup_stm32l476rgtx.o
 .debug_rnglists
                0x000000de       0xdf ./Drivers/STM32L4xx_HAL_Driver/Src/stm32l4xx_hal.o
 .debug_rnglists
                0x000001bd      0x1b1 ./Drivers/STM32L4xx_HAL_Driver/Src/stm32l4xx_hal_adc.o
 .debug_rnglists
                0x0000036e      0x148 ./Drivers/STM32L4xx_HAL_Driver/Src/stm32l4xx_hal_adc_ex.o
 .debug_rnglists
                0x000004b6       0xda ./Drivers/STM32L4xx_HAL_Driver/Src/stm32l4xx_hal_cortex.o
 .debug_rnglists
                0x00000590       0x64 ./Drivers/STM32L4xx_HAL_Driver/Src/stm32l4xx_hal_dma.o
 .debug_rnglists
                0x000005f4       0x3f ./Drivers/STM32L4xx_HAL_Driver/Src/stm32l4xx_hal_gpio.o
 .debug_rnglists
                0x00000633      0x109 ./Drivers/STM32L4xx_HAL_Driver/Src/stm32l4xx_hal_pwr_ex.o
 .debug_rnglists
                0x0000073c       0x6d ./Drivers/STM32L4xx_HAL_Driver/Src/stm32l4xx_hal_rcc.o
 .debug_rnglists
                0x000007a9       0x95 ./Drivers/STM32L4xx_HAL_Driver/Src/stm32l4xx_hal_rcc_ex.o
 .debug_rnglists
                0x0000083e      0x1db ./Drivers/STM32L4xx_HAL_Driver/Src/stm32l4xx_hal_uart.o
 .debug_rnglists
                0x00000a19       0x60 ./Drivers/STM32L4xx_HAL_Driver/Src/stm32l4xx_hal_uart_ex.o

.debug_macro    0x00000000    0x26dfc
 .debug_macro   0x00000000      0x1de ./Core/Src/main.o
 .debug_macro   0x000001de      0xab4 ./Core/Src/main.o
 .debug_macro   0x00000c92      0x1a7 ./Core/Src/main.o
 .debug_macro   0x00000e39       0x2e ./Core/Src/main.o
 .debug_macro   0x00000e67       0x28 ./Core/Src/main.o
 .debug_macro   0x00000e8f       0x22 ./Core/Src/main.o
 .debug_macro   0x00000eb1       0x8e ./Core/Src/main.o
 .debug_macro   0x00000f3f       0x51 ./Core/Src/main.o
 .debug_macro   0x00000f90      0x103 ./Core/Src/main.o
 .debug_macro   0x00001093       0x6a ./Core/Src/main.o
 .debug_macro   0x000010fd      0x1df ./Core/Src/main.o
 .debug_macro   0x000012dc       0x1c ./Core/Src/main.o
 .debug_macro   0x000012f8       0x22 ./Core/Src/main.o
 .debug_macro   0x0000131a       0xfb ./Core/Src/main.o
 .debug_macro   0x00001415     0x1011 ./Core/Src/main.o
 .debug_macro   0x00002426      0x11f ./Core/Src/main.o
 .debug_macro   0x00002545    0x1a17a ./Core/Src/main.o
 .debug_macro   0x0001c6bf       0x6d ./Core/Src/main.o
 .debug_macro   0x0001c72c     0x38fb ./Core/Src/main.o
 .debug_macro   0x00020027      0x189 ./Core/Src/main.o
 .debug_macro   0x000201b0       0x5c ./Core/Src/main.o
 .debug_macro   0x0002020c     0x159e ./Core/Src/main.o
 .debug_macro   0x000217aa      0x5a5 ./Core/Src/main.o
 .debug_macro   0x00021d4f      0x1b9 ./Core/Src/main.o
 .debug_macro   0x00021f08      0x18b ./Core/Src/main.o
 .debug_macro   0x00022093      0x26b ./Core/Src/main.o
 .debug_macro   0x000222fe      0x23d ./Core/Src/main.o
 .debug_macro   0x0002253b      0xf91 ./Core/Src/main.o
 .debug_macro   0x000234cc      0x632 ./Core/Src/main.o
 .debug_macro   0x00023afe      0x30c ./Core/Src/main.o
 .debug_macro   0x00023e0a      0x241 ./Core/Src/main.o
 .debug_macro   0x0002404b      0x37c ./Core/Src/main.o
 .debug_macro   0x000243c7       0xd6 ./Core/Src/main.o
 .debug_macro   0x0002449d      0x122 ./Core/Src/main.o
 .debug_macro   0x000245bf      0x3ef ./Core/Src/main.o
 .debug_macro   0x000249ae      0x5cf ./Core/Src/main.o
 .debug_macro   0x00024f7d       0x44 ./Core/Src/main.o
 .debug_macro   0x00024fc1      0x330 ./Core/Src/main.o
 .debug_macro   0x000252f1       0x4c ./Core/Src/main.o
 .debug_macro   0x0002533d      0x1de ./Core/Src/stm32l4xx_hal_msp.o
 .debug_macro   0x0002551b      0x1e8 ./Core/Src/stm32l4xx_it.o
 .debug_macro   0x00025703      0x1cf ./Core/Src/system_stm32l4xx.o
 .debug_macro   0x000258d2      0x21d ./Drivers/STM32L4xx_HAL_Driver/Src/stm32l4xx_hal.o
 .debug_macro   0x00025aef      0x1ec ./Drivers/STM32L4xx_HAL_Driver/Src/stm32l4xx_hal_adc.o
 .debug_macro   0x00025cdb      0x1db ./Drivers/STM32L4xx_HAL_Driver/Src/stm32l4xx_hal_adc_ex.o
 .debug_macro   0x00025eb6      0x1cf ./Drivers/STM32L4xx_HAL_Driver/Src/stm32l4xx_hal_cortex.o
 .debug_macro   0x00026085      0x1cf ./Drivers/STM32L4xx_HAL_Driver/Src/stm32l4xx_hal_dma.o
 .debug_macro   0x00026254      0x1d6 ./Drivers/STM32L4xx_HAL_Driver/Src/stm32l4xx_hal_gpio.o
 .debug_macro   0x0002642a      0x1f3 ./Drivers/STM32L4xx_HAL_Driver/Src/stm32l4xx_hal_pwr_ex.o
 .debug_macro   0x0002661d      0x211 ./Drivers/STM32L4xx_HAL_Driver/Src/stm32l4xx_hal_rcc.o
 .debug_macro   0x0002682e      0x205 ./Drivers/STM32L4xx_HAL_Driver/Src/stm32l4xx_hal_rcc_ex.o
 .debug_macro   0x00026a33      0x1fa ./Drivers/STM32L4xx_HAL_Driver/Src/stm32l4xx_hal_uart.o
 .debug_macro   0x00026c2d      0x1cf ./Drivers/STM32L4xx_HAL_Driver/Src/stm32l4xx_hal_uart_ex.o

.debug_line     0x00000000    0x10be3
 .debug_line    0x00000000      0x9da ./Core/Src/main.o
 .debug_line    0x000009da      0x921 ./Core/Src/stm32l4xx_hal_msp.o
 .debug_line    0x000012fb      0x931 ./Core/Src/stm32l4xx_it.o
 .debug_line    0x00001c2c      0x8f1 ./Core/Src/system_stm32l4xx.o
 .debug_line    0x0000251d       0x7a ./Core/Startup/startup_stm32l476rgtx.o
 .debug_line    0x00002597      0xc4d ./Drivers/STM32L4xx_HAL_Driver/Src/stm32l4xx_hal.o
 .debug_line    0x000031e4     0x2065 ./Drivers/STM32L4xx_HAL_Driver/Src/stm32l4xx_hal_adc.o
 .debug_line    0x00005249     0x1a72 ./Drivers/STM32L4xx_HAL_Driver/Src/stm32l4xx_hal_adc_ex.o
 .debug_line    0x00006cbb      0xe15 ./Drivers/STM32L4xx_HAL_Driver/Src/stm32l4xx_hal_cortex.o
 .debug_line    0x00007ad0      0xe51 ./Drivers/STM32L4xx_HAL_Driver/Src/stm32l4xx_hal_dma.o
 .debug_line    0x00008921      0xcd8 ./Drivers/STM32L4xx_HAL_Driver/Src/stm32l4xx_hal_gpio.o
 .debug_line    0x000095f9      0xe3e ./Drivers/STM32L4xx_HAL_Driver/Src/stm32l4xx_hal_pwr_ex.o
 .debug_line    0x0000a437     0x10c5 ./Drivers/STM32L4xx_HAL_Driver/Src/stm32l4xx_hal_rcc.o
 .debug_line    0x0000b4fc     0x1637 ./Drivers/STM32L4xx_HAL_Driver/Src/stm32l4xx_hal_rcc_ex.o
 .debug_line    0x0000cb33     0x335e ./Drivers/STM32L4xx_HAL_Driver/Src/stm32l4xx_hal_uart.o
 .debug_line    0x0000fe91      0xd52 ./Drivers/STM32L4xx_HAL_Driver/Src/stm32l4xx_hal_uart_ex.o

.debug_str      0x00000000    0xf73a2
 .debug_str     0x00000000    0xf3561 ./Core/Src/main.o
                              0xf3b29 (size before relaxing)
 .debug_str     0x000f3561      0x786 ./Core/Src/stm32l4xx_hal_msp.o
                              0xf4027 (size before relaxing)
 .debug_str     0x000f3ce7       0xef ./Core/Src/stm32l4xx_it.o
                              0xf3463 (size before relaxing)
 .debug_str     0x000f3dd6       0xf2 ./Core/Src/system_stm32l4xx.o
                              0xf3069 (size before relaxing)
 .debug_str     0x000f3ec8       0x44 ./Core/Startup/startup_stm32l476rgtx.o
                                 0x88 (size before relaxing)
 .debug_str     0x000f3f0c      0x6a1 ./Drivers/STM32L4xx_HAL_Driver/Src/stm32l4xx_hal.o
                              0xf3c68 (size before relaxing)
 .debug_str     0x000f45ad      0xa8f ./Drivers/STM32L4xx_HAL_Driver/Src/stm32l4xx_hal_adc.o
                              0xf3eb0 (size before relaxing)
 .debug_str     0x000f503c      0x665 ./Drivers/STM32L4xx_HAL_Driver/Src/stm32l4xx_hal_adc_ex.o
                              0xf3e59 (size before relaxing)
 .debug_str     0x000f56a1      0x355 ./Drivers/STM32L4xx_HAL_Driver/Src/stm32l4xx_hal_cortex.o
                              0xf38e2 (size before relaxing)
 .debug_str     0x000f59f6      0x234 ./Drivers/STM32L4xx_HAL_Driver/Src/stm32l4xx_hal_dma.o
                              0xf32d3 (size before relaxing)
 .debug_str     0x000f5c2a       0xff ./Drivers/STM32L4xx_HAL_Driver/Src/stm32l4xx_hal_gpio.o
                              0xf31e2 (size before relaxing)
 .debug_str     0x000f5d29      0x4d3 ./Drivers/STM32L4xx_HAL_Driver/Src/stm32l4xx_hal_pwr_ex.o
                              0xf35c4 (size before relaxing)
 .debug_str     0x000f61fc      0x345 ./Drivers/STM32L4xx_HAL_Driver/Src/stm32l4xx_hal_rcc.o
                              0xf36af (size before relaxing)
 .debug_str     0x000f6541      0x3bf ./Drivers/STM32L4xx_HAL_Driver/Src/stm32l4xx_hal_rcc_ex.o
                              0xf3828 (size before relaxing)
 .debug_str     0x000f6900      0x8a2 ./Drivers/STM32L4xx_HAL_Driver/Src/stm32l4xx_hal_uart.o
                              0xf3dc1 (size before relaxing)
 .debug_str     0x000f71a2      0x200 ./Drivers/STM32L4xx_HAL_Driver/Src/stm32l4xx_hal_uart_ex.o
                              0xf35ed (size before relaxing)

.comment        0x00000000       0x43
 .comment       0x00000000       0x43 ./Core/Src/main.o
                                 0x44 (size before relaxing)
 .comment       0x00000043       0x44 ./Core/Src/stm32l4xx_hal_msp.o
 .comment       0x00000043       0x44 ./Core/Src/stm32l4xx_it.o
 .comment       0x00000043       0x44 ./Core/Src/system_stm32l4xx.o
 .comment       0x00000043       0x44 ./Drivers/STM32L4xx_HAL_Driver/Src/stm32l4xx_hal.o
 .comment       0x00000043       0x44 ./Drivers/STM32L4xx_HAL_Driver/Src/stm32l4xx_hal_adc.o
 .comment       0x00000043       0x44 ./Drivers/STM32L4xx_HAL_Driver/Src/stm32l4xx_hal_adc_ex.o
 .comment       0x00000043       0x44 ./Drivers/STM32L4xx_HAL_Driver/Src/stm32l4xx_hal_cortex.o
 .comment       0x00000043       0x44 ./Drivers/STM32L4xx_HAL_Driver/Src/stm32l4xx_hal_dma.o
 .comment       0x00000043       0x44 ./Drivers/STM32L4xx_HAL_Driver/Src/stm32l4xx_hal_gpio.o
 .comment       0x00000043       0x44 ./Drivers/STM32L4xx_HAL_Driver/Src/stm32l4xx_hal_pwr_ex.o
 .comment       0x00000043       0x44 ./Drivers/STM32L4xx_HAL_Driver/Src/stm32l4xx_hal_rcc.o
 .comment       0x00000043       0x44 ./Drivers/STM32L4xx_HAL_Driver/Src/stm32l4xx_hal_rcc_ex.o
 .comment       0x00000043       0x44 ./Drivers/STM32L4xx_HAL_Driver/Src/stm32l4xx_hal_uart.o
 .comment       0x00000043       0x44 ./Drivers/STM32L4xx_HAL_Driver/Src/stm32l4xx_hal_uart_ex.o

.debug_frame    0x00000000     0x38cc
 .debug_frame   0x00000000       0xcc ./Core/Src/main.o
 .debug_frame   0x000000cc       0xd0 ./Core/Src/stm32l4xx_hal_msp.o
 .debug_frame   0x0000019c      0x120 ./Core/Src/stm32l4xx_it.o
 .debug_frame   0x000002bc       0x58 ./Core/Src/system_stm32l4xx.o
 .debug_frame   0x00000314      0x498 ./Drivers/STM32L4xx_HAL_Driver/Src/stm32l4xx_hal.o
 .debug_frame   0x000007ac      0xa04 ./Drivers/STM32L4xx_HAL_Driver/Src/stm32l4xx_hal_adc.o
 .debug_frame   0x000011b0      0x7a4 ./Drivers/STM32L4xx_HAL_Driver/Src/stm32l4xx_hal_adc_ex.o
 .debug_frame   0x00001954      0x4e8 ./Drivers/STM32L4xx_HAL_Driver/Src/stm32l4xx_hal_cortex.o
 .debug_frame   0x00001e3c      0x204 ./Drivers/STM32L4xx_HAL_Driver/Src/stm32l4xx_hal_dma.o
 .debug_frame   0x00002040      0x14c ./Drivers/STM32L4xx_HAL_Driver/Src/stm32l4xx_hal_gpio.o
 .debug_frame   0x0000218c      0x584 ./Drivers/STM32L4xx_HAL_Driver/Src/stm32l4xx_hal_pwr_ex.o
 .debug_frame   0x00002710      0x21c ./Drivers/STM32L4xx_HAL_Driver/Src/stm32l4xx_hal_rcc.o
 .debug_frame   0x0000292c      0x2fc ./Drivers/STM32L4xx_HAL_Driver/Src/stm32l4xx_hal_rcc_ex.o
 .debug_frame   0x00002c28      0x9f4 ./Drivers/STM32L4xx_HAL_Driver/Src/stm32l4xx_hal_uart.o
 .debug_frame   0x0000361c      0x204 ./Drivers/STM32L4xx_HAL_Driver/Src/stm32l4xx_hal_uart_ex.o
 .debug_frame   0x00003820       0x20 /home/victor/Desktop/CC/CesarSchool/6_período/Embarcados/en.st-stm32cubeide_1.16.0_21983_20240628_1741_amd64.sh/makeself_dir_AxQjcc/y/plugins/com.st.stm32cube.ide.mcu.externaltools.gnu-tools-for-stm32.12.3.rel1.linux64_1.0.200.202406132123/tools/bin/../lib/gcc/arm-none-eabi/12.3.1/../../../../arm-none-eabi/lib/thumb/v7e-m+fp/hard/libc_nano.a(libc_a-memset.o)
 .debug_frame   0x00003840       0x2c /home/victor/Desktop/CC/CesarSchool/6_período/Embarcados/en.st-stm32cubeide_1.16.0_21983_20240628_1741_amd64.sh/makeself_dir_AxQjcc/y/plugins/com.st.stm32cube.ide.mcu.externaltools.gnu-tools-for-stm32.12.3.rel1.linux64_1.0.200.202406132123/tools/bin/../lib/gcc/arm-none-eabi/12.3.1/../../../../arm-none-eabi/lib/thumb/v7e-m+fp/hard/libc_nano.a(libc_a-init.o)
 .debug_frame   0x0000386c       0x2c /home/victor/Desktop/CC/CesarSchool/6_período/Embarcados/en.st-stm32cubeide_1.16.0_21983_20240628_1741_amd64.sh/makeself_dir_AxQjcc/y/plugins/com.st.stm32cube.ide.mcu.externaltools.gnu-tools-for-stm32.12.3.rel1.linux64_1.0.200.202406132123/tools/bin/../lib/gcc/arm-none-eabi/12.3.1/thumb/v7e-m+fp/hard/libgcc.a(_aeabi_uldivmod.o)
 .debug_frame   0x00003898       0x34 /home/victor/Desktop/CC/CesarSchool/6_período/Embarcados/en.st-stm32cubeide_1.16.0_21983_20240628_1741_amd64.sh/makeself_dir_AxQjcc/y/plugins/com.st.stm32cube.ide.mcu.externaltools.gnu-tools-for-stm32.12.3.rel1.linux64_1.0.200.202406132123/tools/bin/../lib/gcc/arm-none-eabi/12.3.1/thumb/v7e-m+fp/hard/libgcc.a(_udivmoddi4.o)

.debug_line_str
                0x00000000       0x6c
 .debug_line_str
                0x00000000       0x6c ./Core/Startup/startup_stm32l476rgtx.o
