../Core/Src/main.c:105:5:main	8	static
../Core/Src/main.c:194:6:SystemClock_Config	96	static
../Core/Src/main.c:244:13:MX_ADC1_Init	48	static
../Core/Src/main.c:311:13:MX_USART2_UART_Init	8	static
../Core/Src/main.c:346:13:MX_GPIO_Init	48	static
../Core/Src/main.c:379:6:CMD	16	static
../Core/Src/main.c:409:6:BlinkLED	16	static
../Core/Src/main.c:416:5:Blue_Button_Pressed	8	static
../Core/Src/main.c:422:6:Alarm_Start	8	static
../Core/Src/main.c:439:6:Super_Alarm	8	static
../Core/Src/main.c:454:5:_write	24	static
../Core/Src/main.c:520:6:StartTask1	24	static
../Core/Src/main.c:560:6:StartTask2	16	static
../Core/Src/main.c:584:6:HAL_TIM_PeriodElapsedCallback	16	static
../Core/Src/main.c:601:6:Error_Handler	4	static,ignoring_inline_asm
